mode: set
github.com/microsoft/vscode-go/gofixtures/coveragetest/a/a.go:19.71,22.25 3 1
github.com/microsoft/vscode-go/gofixtures/coveragetest/b/b.go:35.2,35.14 1 1
